Copyright 1986-2019 Xilinx, Inc. All Rights Reserved.
--------------------------------------------------------------------------------------------------------------------------------------------------------------------------------------------------------------------------------------
| Tool Version : Vivado v.2019.2 (lin64) Build 2708876 Wed Nov  6 21:39:14 MST 2019
| Date         : Sun Jul  5 00:08:39 2020
| Host         : brg-zhang-xcel.ece.cornell.edu running 64-bit CentOS Linux release 7.7.1908 (Core)
| Command      : report_accelerator_utilization -kernels { kernel_spmv_v4_kernel_spmv_v4:pfm_top_i/dynamic_region/kernel_spmv_v4_1/inst:kernel_spmv_v4_1} -file ../../../output/kernel_util_routed.rpt -name kernel_util_routed -json
| Design       : pfm_top_wrapper
| Device       : xcu280
| Design State : Routed
--------------------------------------------------------------------------------------------------------------------------------------------------------------------------------------------------------------------------------------

Accelerator Utilization Design Information

Table of Contents
-----------------
1. System Utilization

1. System Utilization
---------------------

+-------------------------------+-------------------+------------------+-------------------+----------------+---------------+----------------+
| Name                          | LUT               | LUTAsMem         | REG               | BRAM           | URAM          | DSP            |
+-------------------------------+-------------------+------------------+-------------------+----------------+---------------+----------------+
| Platform                      |  122210 [  9.38%] |  17043 [  2.84%] |  190497 [  7.31%] |  202 [ 10.02%] |   0 [  0.00%] |    4 [  0.04%] |
| User Budget                   | 1180510 [100.00%] | 583437 [100.00%] | 2414943 [100.00%] | 1814 [100.00%] | 960 [100.00%] | 9020 [100.00%] |
|    Used Resources             |   24344 [  2.06%] |    597 [  0.10%] |   36571 [  1.51%] | 1215 [ 66.98%] |   0 [  0.00%] |   10 [  0.11%] |
|    Unused Resources           | 1156166 [ 97.94%] | 582840 [ 99.90%] | 2378372 [ 98.49%] |  599 [ 33.02%] | 960 [100.00%] | 9010 [ 99.89%] |
| kernel_spmv_v4_kernel_spmv_v4 |   24344 [  2.06%] |    597 [  0.10%] |   36571 [  1.51%] | 1215 [ 66.98%] |   0 [  0.00%] |   10 [  0.11%] |
|    kernel_spmv_v4_1           |   24344 [  2.06%] |    597 [  0.10%] |   36571 [  1.51%] | 1215 [ 66.98%] |   0 [  0.00%] |   10 [  0.11%] |
+-------------------------------+-------------------+------------------+-------------------+----------------+---------------+----------------+


